10:31:41 **** Build of configuration Debug for project EE2024Assign1S21617 ****
make all 
Building file: ../src/cr_startup_lpc17.c
Invoking: MCU C Compiler
arm-none-eabi-gcc -DDEBUG -D__CODE_RED -D__REDLIB__ -D__USE_CMSIS=CMSISv1p30_LPC17xx -I"F:\EE2024 assig2 workplace\Lib_CMSISv1p30_LPC17xx\inc" -O0 -g3 -Wall -c -fmessage-length=0 -fno-builtin -ffunction-sections -Wa,-ahlnds=cr_startup_lpc17.asm -mcpu=cortex-m3 -mthumb -MMD -MP -MF"src/cr_startup_lpc17.d" -MT"src/cr_startup_lpc17.d" -o"src/cr_startup_lpc17.o" "../src/cr_startup_lpc17.c"
Finished building: ../src/cr_startup_lpc17.c
 
Building file: ../src/main.c
Invoking: MCU C Compiler
arm-none-eabi-gcc -DDEBUG -D__CODE_RED -D__REDLIB__ -D__USE_CMSIS=CMSISv1p30_LPC17xx -I"F:\EE2024 assig2 workplace\Lib_CMSISv1p30_LPC17xx\inc" -O0 -g3 -Wall -c -fmessage-length=0 -fno-builtin -ffunction-sections -Wa,-ahlnds=main.asm -mcpu=cortex-m3 -mthumb -MMD -MP -MF"src/main.d" -MT"src/main.d" -o"src/main.o" "../src/main.c"
Finished building: ../src/main.c
 
Building file: ../src/pid_ctrl.s
Invoking: MCU Assembler
arm-none-eabi-gcc -c -x assembler-with-cpp -DDEBUG -D__CODE_RED -D__REDLIB__ -g3 -mcpu=cortex-m3 -mthumb -o"src/pid_ctrl.o" "../src/pid_ctrl.s"
Finished building: ../src/pid_ctrl.s
 
Building target: EE2024Assign1S21617.axf
Invoking: MCU Linker
arm-none-eabi-gcc -nostdlib -L"F:\EE2024 assig2 workplace\Lib_CMSISv1p30_LPC17xx\Debug" -Xlinker --gc-sections -Xlinker -Map=EE2024Assign1S21617.map -mcpu=cortex-m3 -mthumb -T "EE2024Assign1S21617_Debug.ld" -o"EE2024Assign1S21617.axf"  ./src/cr_startup_lpc17.o ./src/main.o ./src/pid_ctrl.o   -lCMSISv1p30_LPC17xx
Finished building target: EE2024Assign1S21617.axf
 
make --no-print-directory post-build
Performing post-build steps
arm-none-eabi-size EE2024Assign1S21617.axf; # arm-none-eabi-objcopy -O ihex EE2024Assign1S21617.axf EE2024Assign1S21617.hex ;
   text	   data	    bss	    dec	    hex	filename
  13464	     28	    408	  13900	   364c	EE2024Assign1S21617.axf
 

10:31:44 Build Finished (took 2s.824ms)

